// Jest Snapshot v1, https://goo.gl/fbAQLP

exports[`renders correctly - snapshot 1`] = `
<div
  className="App"
>
  <div>
    <h1>
      No passwords :(
    </h1>
    <button
      className="more"
      onClick={[Function]}
    >
      Try Again?
    </button>
  </div>
</div>
`;
